
Memory Configuration

Name             Origin             Length             Attributes
flash            0x08000000         0x00020000         xr
sram             0x20000000         0x00005000         xrw
*default*        0x00000000         0xffffffff

Linker script and memory map


.text           0x08000000      0x200
 *(.vectors*)
 .vectors       0x08000000       0x1c startup.o
                0x08000000                vectors
 *(.text*)
 .text          0x0800001c       0xd4 main.o
                0x0800001c                main
 .text          0x080000f0      0x110 startup.o
                0x080000f0                Bus_fault_Handler
                0x080000f0                MM_fault_Handler
                0x080000f0                Usage_fault_Handler
                0x080000f0                H_fault_Handler
                0x080000f0                Default_Handler
                0x080000f0                NMI_Handler
                0x0800010c                Reset_Handler
 *(.rodata*)
                0x08000200                _E_text = .

.glue_7         0x08000200        0x0
 .glue_7        0x08000200        0x0 linker stubs

.glue_7t        0x08000200        0x0
 .glue_7t       0x08000200        0x0 linker stubs

.vfp11_veneer   0x08000200        0x0
 .vfp11_veneer  0x08000200        0x0 linker stubs

.v4_bx          0x08000200        0x0
 .v4_bx         0x08000200        0x0 linker stubs

.iplt           0x08000200        0x0
 .iplt          0x08000200        0x0 main.o

.rel.dyn        0x08000200        0x0
 .rel.iplt      0x08000200        0x0 main.o

.data           0x20000000        0x0 load address 0x08000200
                0x20000000                _S_data = .
 *(.data)
 .data          0x20000000        0x0 main.o
 .data          0x20000000        0x0 startup.o
                0x20000000                . = ALIGN (0x4)
                0x20000000                _E_data = .

.igot.plt       0x20000000        0x0 load address 0x08000200
 .igot.plt      0x20000000        0x0 main.o

.bss            0x20000000     0x1000 load address 0x08000200
                0x20000000                _S_bss = .
 *(.bss*)
 .bss           0x20000000        0x0 main.o
 .bss           0x20000000        0x0 startup.o
                0x20000000                . = ALIGN (0x4)
                0x20000000                _E_bss = .
                0x20000000                . = ALIGN (0x4)
                0x20001000                . = (. + 0x1000)
 *fill*         0x20000000     0x1000 
                0x20001000                _stack_top = .
LOAD main.o
LOAD startup.o
OUTPUT(lern-in-depth.elf elf32-littlearm)

.debug_info     0x00000000     0x1466
 .debug_info    0x00000000      0x9e4 main.o
 .debug_info    0x000009e4      0xa82 startup.o

.debug_abbrev   0x00000000      0x36b
 .debug_abbrev  0x00000000      0x19d main.o
 .debug_abbrev  0x0000019d      0x1ce startup.o

.debug_loc      0x00000000       0xb4
 .debug_loc     0x00000000       0x2c main.o
 .debug_loc     0x0000002c       0x88 startup.o

.debug_aranges  0x00000000       0x40
 .debug_aranges
                0x00000000       0x20 main.o
 .debug_aranges
                0x00000020       0x20 startup.o

.debug_line     0x00000000      0x312
 .debug_line    0x00000000      0x1ba main.o
 .debug_line    0x000001ba      0x158 startup.o

.debug_str      0x00000000      0x543
 .debug_str     0x00000000      0x4b6 main.o
                                0x52a (size before relaxing)
 .debug_str     0x000004b6       0x8d startup.o
                                0x597 (size before relaxing)

.comment        0x00000000       0x7e
 .comment       0x00000000       0x7e main.o
                                 0x7f (size before relaxing)
 .comment       0x0000007e       0x7f startup.o

.ARM.attributes
                0x00000000       0x30
 .ARM.attributes
                0x00000000       0x30 main.o
 .ARM.attributes
                0x00000030       0x30 startup.o

.debug_frame    0x00000000       0x84
 .debug_frame   0x00000000       0x28 main.o
 .debug_frame   0x00000028       0x5c startup.o
